// Jest Snapshot v1, https://goo.gl/fbAQLP

exports[`Test ImageService listImage should return image array 1`] = `
[
  Image {
    "fileName": "image1",
    "imageId": "imageId",
    "uploadDate": 2000-01-01T00:00:00.000Z,
    "url": "url",
    "userId": "userId",
  },
]
`;

exports[`Test ImageService uploadImage should return undefined if url is undefined 1`] = `undefined`;

exports[`Test ImageService uploadImage should upload an image and create an entry in the repository 1`] = `
Image {
  "fileName": "image1",
  "imageId": "imageId",
  "uploadDate": 2000-01-01T00:00:00.000Z,
  "url": "url",
  "userId": "userId",
}
`;
